[dotenv@17.3.1] injecting env (6) from .env -- tip: ΓÜÖ∩╕Å  write to custom object with { processEnv: myObject }
--- Testing getMatters query ---
getMatters Success: Data found

--- Testing getMatterDocuments (matter_updates join) ---
matter_updates join Success

--- Testing getMatterDocuments (case_report_documents join) ---
node : 
case_report_documents 
join Error: {
At line:1 char:1
+ node test_queries.js 
> test_output.txt 2>&1
+ ~~~~~~~~~~~~~~~~~~~~~
~~~~~~~~~~~~~~~~~~~~~~
    + CategoryInfo     
         : NotSpecifi  
  ed: (case_report_d   
 ocuments join Erro    
r: {:String) [], R    
emoteException
    + FullyQualifiedEr 
   rorId : NativeComm  
  andError
 
  "code": "PGRST200",
  "details": "Searched 
for a foreign key 
relationship between 'c
ase_report_documents' 
and 'document_id' in 
the schema 'public', 
but no matches were 
found.",
  "hint": null,
  "message": "Could 
not find a 
relationship between 'c
ase_report_documents' 
and 'document_id' in 
the schema cache"
}
